Traceback (most recent call last):
  File "<stdin>", line 6, in <module>
  File "/home/blessedg/asrq/asrq/__init__.py", line 1, in <module>
    import asrq.models.transformers.whisper 
  File "/home/blessedg/asrq/asrq/models/transformers/whisper.py", line 11, in <module>
    from asrq.core.model import ModelQ
  File "/home/blessedg/asrq/asrq/core/model.py", line 11, in <module>
    from asrq.transforms.base import TransformConfig
  File "/home/blessedg/asrq/asrq/transforms/__init__.py", line 1, in <module>
    from asrq.transforms.rotation.base import RotationTransform, RotationTransformConfig
  File "/home/blessedg/asrq/asrq/transforms/rotation/__init__.py", line 1, in <module>
    from asrq.transforms.rotation.whisper_utils import (
  File "/home/blessedg/asrq/asrq/transforms/rotation/whisper_utils.py", line 26, in <module>
    from asrq.transforms.rotation.search import (
  File "/home/blessedg/asrq/asrq/transforms/rotation/search.py", line 509
    print(f" saved to {f"{save_name}_{round_idx}.pt"}")
                         ^
SyntaxError: f-string: expecting '}'
Traceback (most recent call last):
  File "/home/blessedg/miniconda3/envs/asrq/lib/python3.10/runpy.py", line 187, in _run_module_as_main
    mod_name, mod_spec, code = _get_module_details(mod_name, _Error)
  File "/home/blessedg/miniconda3/envs/asrq/lib/python3.10/runpy.py", line 110, in _get_module_details
    __import__(pkg_name)
  File "/home/blessedg/asrq/asrq/__init__.py", line 1, in <module>
    import asrq.models.transformers.whisper 
  File "/home/blessedg/asrq/asrq/models/transformers/whisper.py", line 11, in <module>
    from asrq.core.model import ModelQ
  File "/home/blessedg/asrq/asrq/core/model.py", line 11, in <module>
    from asrq.transforms.base import TransformConfig
  File "/home/blessedg/asrq/asrq/transforms/__init__.py", line 1, in <module>
    from asrq.transforms.rotation.base import RotationTransform, RotationTransformConfig
  File "/home/blessedg/asrq/asrq/transforms/rotation/__init__.py", line 1, in <module>
    from asrq.transforms.rotation.whisper_utils import (
  File "/home/blessedg/asrq/asrq/transforms/rotation/whisper_utils.py", line 26, in <module>
    from asrq.transforms.rotation.search import (
  File "/home/blessedg/asrq/asrq/transforms/rotation/search.py", line 509
    print(f" saved to {f"{save_name}_{round_idx}.pt"}")
                         ^
SyntaxError: f-string: expecting '}'
